// Jest Snapshot v1, https://goo.gl/fbAQLP

exports[`Home test tests home page render correctly 1`] = `
<span
  className="sc-AxjAm gxygnu"
>
  Hello!
</span>
`;
